// Jest Snapshot v1, https://goo.gl/fbAQLP

exports[`Button should be div  1`] = `
<div>
  按钮按钮
</div>
`;
